// Jest Snapshot v1, https://goo.gl/fbAQLP

exports[`CharacterDetailsPresentation component renders Character 1`] = `
<DocumentFragment>
  <figure>
    <img />
    <figcaption />
  </figure>
</DocumentFragment>
`;
