// Jest Snapshot v1, https://goo.gl/fbAQLP

exports[`CharacterDetailsPresentation component renders CharacterListPresentation 1`] = `
<DocumentFragment>
  <ul
    data-testid="charactersTest"
  />
</DocumentFragment>
`;
